// Jest Snapshot v1, https://goo.gl/fbAQLP

exports[`error actions hideError 1`] = `
Object {
  "type": "HIDE_ERROR",
}
`

exports[`error actions showError 1`] = `
Object {
  "error": "oh no",
  "type": "SHOW_ERROR",
}
`
