// Jest Snapshot v1, https://goo.gl/fbAQLP

exports[`Button renders 1`] = `
.c0 {
  font-size: 12px;
  font-weight: 600;
  text-transform: uppercase;
  border: 1px solid;
  border-radius: 2px;
  padding: 48px 0;
  text-align: center;
}

@media (max-width:768px) {
  .c0 {
    margin-top: -1px;
    border-left: none;
    border-right: none;
    border-radius: 0;
  }
}

<div
  className="c0"
>
  There's nothing here
</div>
`;
