// Jest Snapshot v1, https://goo.gl/fbAQLP

exports[`Collapse renders 1`] = `
.c0 {
  cursor: pointer;
  border: 1px solid;
  padding: 16px;
  margin: 4px 0;
}

<div
  className="c0"
  onClick={[Function]}
>
  âŒ„ asdf
</div>
`;
